{
  "headers" : {
    "Authorization" : "Bearer asharedsecret"
  },
  "request" : {
    "body" : null,
    "method" : "GET",
    "url" : "https://pay.plusye.com/v1/subscribers/userid%20with%20spaces"
  }
}